// Jest Snapshot v1, https://goo.gl/fbAQLP

exports[`Exchange renders a thing 1`] = `
.c5 {
  position: relative;
  display: -webkit-box;
  display: -webkit-flex;
  display: -ms-flexbox;
  display: flex;
  -webkit-flex-direction: column;
  -ms-flex-direction: column;
  flex-direction: column;
  width: 140px;
}

.c6 {
  font-size: 18px;
  line-height: 38px;
  display: -webkit-box;
  display: -webkit-flex;
  display: -ms-flexbox;
  display: flex;
  height: 38px;
  padding: 4px 10px;
  cursor: pointer;
  border: 1px solid;
  border: 1px solid #767676;
  border-radius: 4px;
  -webkit-align-items: center;
  -webkit-box-align: center;
  -ms-flex-align: center;
  align-items: center;
  -webkit-box-pack: justify;
  -webkit-justify-content: space-between;
  -ms-flex-pack: justify;
  justify-content: space-between;
}

.c7 {
  font-size: 12px;
}

.c0 {
  display: -webkit-box;
  display: -webkit-flex;
  display: -ms-flexbox;
  display: flex;
  -webkit-flex-direction: column;
  -ms-flex-direction: column;
  flex-direction: column;
}

.c1 {
  font-size: 24px;
  font-weight: bold;
  display: -webkit-box;
  display: -webkit-flex;
  display: -ms-flexbox;
  display: flex;
}

.c2 {
  font-size: 12px;
  display: -webkit-box;
  display: -webkit-flex;
  display: -ms-flexbox;
  display: flex;
  margin-bottom: 12px;
  color: #2684ff;
}

.c3 {
  display: -webkit-box;
  display: -webkit-flex;
  display: -ms-flexbox;
  display: flex;
  padding: 12px;
  -webkit-flex-direction: column;
  -ms-flex-direction: column;
  flex-direction: column;
  width: 360px;
}

.c4 {
  display: -webkit-box;
  display: -webkit-flex;
  display: -ms-flexbox;
  display: flex;
  width: 100%;
  -webkit-box-pack: justify;
  -webkit-justify-content: space-between;
  -ms-flex-pack: justify;
  justify-content: space-between;
}

.c8 {
  text-align: right;
  width: 140px;
  padding: 4px;
}

.c9 {
  font-size: 12px;
  padding-top: 6px;
}

.c10 {
  font-size: 16px;
  width: 360px;
  padding: 12px 36px;
  cursor: pointer;
  text-align: center;
  color: white;
  border: none;
  background-color: #2684ff;
}

.c10:hover {
  background-color: #0c50a6;
}

.c10:disabled {
  cursor: default;
  background-color: #c8c8c8;
}

<div>
  <div
    class="c0"
  >
    <div
      class="c1"
    >
      Sell 
      USD
    </div>
    <div
      class="c2"
    >
      Market order • 1 
      USD
       = 
       
      EUR
    </div>
    <div
      class="c3"
    >
      <div
        class="c4"
      >
        <div
          class="c5"
        >
          <div
            class="c6"
            data-testid="select-currency-from"
            id="select-currency-from"
          >
            <span>
              USD
            </span>
            <span
              class="c7"
            >
              ▼
            </span>
          </div>
        </div>
        <input
          class="c8"
          data-testid="input-amount-from"
          placeholder="0.00 USD"
          value=""
        />
      </div>
      <div
        class="c4"
      >
        <span
          class="c9"
          data-testid="account-balance-from"
        >
          Balance: 
          874.12
           
          USD
        </span>
      </div>
    </div>
    <div
      class="c3"
    >
      <div
        class="c4"
      >
        <div
          class="c5"
        >
          <div
            class="c6"
            data-testid="select-currency-to"
            id="select-currency-to"
          >
            <span>
              EUR
            </span>
            <span
              class="c7"
            >
              ▼
            </span>
          </div>
        </div>
        <input
          class="c8"
          data-testid="input-amount-to"
          placeholder="0.00 EUR"
          value=""
        />
      </div>
      <div
        class="c4"
      >
        <span
          class="c9"
          data-testid="account-balance-to"
        >
          Balance: 
          45.04
           
          EUR
        </span>
      </div>
    </div>
    <button
      class="c10"
      data-testid="sell-button"
      disabled=""
    >
      Sell 
      USD
       to 
      EUR
    </button>
  </div>
</div>
`;
